<!-- cryptographp captcha -->
<script type="module" src="./plugins/cryptographp.min.js"></script>
<div class="cryptographp">
  <img class="cryptographp_image" src="/?Page&amp;cryptographp_action=video&amp;cryptographp_nonce=PjPIXZ5y1-8tzTZ_sjHu" alt="Visual challenge">
  <a class="cryptographp_audio" href="/?Page&amp;cryptographp_action=audio&amp;cryptographp_nonce=PjPIXZ5y1-8tzTZ_sjHu&amp;cryptographp_download=yes">
    <img src="./plugins/images/audio.png" alt="Get audio challenge" title="Get audio challenge">
  </a>
  <span class="cryptographp_reload_container">
    <!--
      <a class="cryptographp_reload" data-image="/?Page&amp;cryptographp_action=video&amp;cryptographp_nonce=PjPIXZ5y1-8tzTZ_sjHu" data-audio="/?Page&amp;cryptographp_action=audio&amp;cryptographp_nonce=PjPIXZ5y1-8tzTZ_sjHu&amp;cryptographp_download=yes">
        <img src="./plugins/images/reload.png" alt="Redisplay challenge" title="Redisplay challenge">
      </a>
    -->
  </span>
  <div>Enter the anti spam code:</div>
  <input type="hidden" name="cryptographp_nonce" value="PjPIXZ5y1-8tzTZ_sjHu">
  <input type="text" name="cryptographp-captcha">
</div>
