<!-- cryptographp plugin info -->
<h1>Cryptographp 1.0beta6</h1>
<h2>System check</h2>
<ul class="cryptographp_syscheck">
  <li class="xh_fail">PHP version ≥ 7.1.0: failure</li>
  <li class="xh_fail">PHP extension 'gd' is loaded: failure</li>
  <li class="xh_fail">TrueType support is available: failure</li>
  <li class="xh_fail">PNG support is available: failure</li>
  <li class="xh_fail">CMSimple_XH version ≥ 1.7.0: failure</li>
  <li class="xh_warning">'./config/' is writable: warning</li>
  <li class="xh_warning">'./css/' is writable: warning</li>
  <li class="xh_warning">'./languages/' is writable: warning</li>
</ul>
